// Vitest Snapshot v1, https://vitest.dev/guide/snapshot.html

exports[`Cloudflare integration snapshot > produces stable markdown snapshot 1`] = `
"> Source: [Untitled](https://api-production.usecodex.com/api/github/auth/vscode)
> Captured: <timestamp>
> Hash: <hash>


# What happened?

You've requested a page on a website (api-production.usecodex.com) that is on the [Cloudflare](https://www.cloudflare.com/5xx-error-landing/) network. Cloudflare is currently unable to resolve your requested domain (api-production.usecodex.com).

Thank you for your feedback!
"
`;
