// Vitest Snapshot v1, https://vitest.dev/guide/snapshot.html

exports[`Offline extractor fixture corpus regression > extracts forum thread page with quality gate 1`] = `
"> Source: [Talk:Prompt engineering](https://en.wikipedia.org/wiki/Talk:Prompt_engineering)
> Captured: <timestamp>
> Hash: <hash>


# Restrictions of a Context Window

Context Window and Token cap in every request (reasoning and must be mentioned in the article of Prompt engineering).

The Context Window (or simply Context Length) is a principal limitation on information an LLM can process and/or produce in a single interaction.

This “window” also limits the total number of tokens which in most instances are words or sub-word units, that might be processed by the model at a time. This comprises both the user's input prompt as well as the AI's generated output or response.

A concept that encompasses this limit is Maximum Fixed Allocation of Tokens (MFAT). This directly associates with the hard limit that is imposed by the Context Window and represents the absolute maximum ‘“space”’ that can be utilized for a complete request and reply. Knowing this token allocation ceiling is crucial for effective prompt engineering since it determines how much input and output can be controlled around a given limit. Developers and users should ensure that the prompts they issue and the expected responses together do not exceed the defined Context Window for avoidance of truncation, \\[\\[Error (computing)|errors\\])\\], or partial results. Different calculators pertain to MFAT. Some are issued to the public for free, like this one: \\[1\\]. However, some others are secret or restricted, like the ones used by Grok or DeepSeek.

I submitted a prompt asking for a variety of prompt suggestions shown below to ChatGPT (Mar 14 Version. Free Research Preview) shortly before posting here. I also included the text of the main article. Shown below are a few prompt examples suggested by ChatGPT.

I wanted to post the results to the talk page first to get feedback before posting to the main article.

Prompt: Would you please add a section to the Wikipedia article shown below that provides effective prompt examples for the following prompt types: sql query, cake recipe, blog post, memo, and any other prompt examples you may want to add?

ChatGPT: Sure, I can provide examples of effective prompts for different types of tasks.
"
`;

exports[`Offline extractor fixture corpus regression > extracts news article page with quality gate 1`] = `
"> Source: [How we rebuilt Next.js with AI in one week](https://blog.cloudflare.com/vinext/)
> Captured: <timestamp>
> Hash: <hash>


- [

![Steve Faulkner](https://blog.cloudflare.com/cdn-cgi/image/format=auto,dpr=3,width=64,height=64,gravity=face,fit=crop,zoom=0.5/https://cf-assets.www.cloudflare.com/zkvhlag99gkb/5QLe2KDuN7J0YVnb2gf743/2b6327152ff0e693cf3d142bbbefcd44/1517689834276.jpg)

](/author/steve-faulkner/)

<sub>*\\*This post was updated at 12:35 pm PT to fix a typo in the build time benchmarks.*</sub>

Last week, one engineer and an AI model rebuilt the most popular front-end framework from scratch. The result, [vinext](https://github.com/cloudflare/vinext) (pronounced "vee-next"), is a drop-in replacement for Next.js, built on [Vite](https://vite.dev/), that deploys to Cloudflare Workers with a single command. In early benchmarks, it builds production apps up to 4x faster and produces client bundles up to 57% smaller. And we already have customers running it in production. 

The whole thing cost about \\$1,100 in tokens.

# The Next.js deployment problem

[Next.js](https://nextjs.org/) is the most popular React framework. Millions of developers use it. It powers a huge chunk of the production web, and for good reason. The developer experience is top-notch.

But Next.js has a deployment problem when used in the broader serverless ecosystem. The tooling is entirely bespoke: Next.js has invested heavily in Turbopack but if you want to deploy it to Cloudflare, Netlify, or AWS Lambda, you have to take that build output and reshape it into something the target platform can actually run.

If you’re thinking: “Isn’t that what OpenNext does?”, you are correct. 

That is indeed the problem [OpenNext](https://opennext.js.org/) was built to solve. And a lot of engineering effort has gone into OpenNext from multiple providers, including us at Cloudflare. It works, but quickly runs into limitations and becomes a game of whack-a-mole. 

Building on top of Next.js output as a foundation has proven to be a difficult and fragile approach. Because OpenNext has to reverse-engineer Next.js's build output, this results in unpredictable changes between versions that take a lot of work to correct. 

Next.js has been working on a first-class adapters API, and we've been collaborating with them on it. It's still an early effort but even with adapters, you're still building on the bespoke Turbopack toolchain. And adapters only cover build and deploy. During development, next dev runs exclusively in Node.js with no way to plug in a different runtime. If your application uses platform-specific APIs like Durable Objects, KV, or AI bindings, you can't test that code in dev without workarounds.

## Introducing vinext

What if instead of adapting Next.js output, we reimplemented the Next.js API surface on [Vite](https://vite.dev/) directly? Vite is the build tool used by most of the front-end ecosystem outside of Next.js, powering frameworks like Astro, SvelteKit, Nuxt, and Remix. A clean reimplementation, not merely a wrapper or adapter. We honestly didn't think it would work. But it’s 2026, and the cost of building software has completely changed.

We got a lot further than we expected.

\`\`\`npm install vinext\`\`\`Replace\`next\`with\`vinext\`in your scripts and everything else stays the same. Your existing\`app/\`,\`pages/\`, and\`next.config.js\`work as-is.\`\`\`vinext dev          # Development server with HMR
vinext build        # Production build
vinext deploy       # Build and deploy to Cloudflare Workers\`\`\`This is not a wrapper around Next.js and Turbopack output. It's an alternative implementation of the API surface: routing, server rendering, React Server Components, server actions, caching, middleware. All of it built on top of Vite as a plugin. Most importantly Vite output runs on any platform thanks to the [Vite Environment API](https://vite.dev/guide/api-environment).

## The numbers

Early benchmarks are promising. We compared vinext against Next.js 16 using a shared 33-route App Router application. Both frameworks are doing the same work: compiling, bundling, and preparing server-rendered routes. We disabled TypeScript type checking and ESLint in Next.js's build (Vite doesn't run these during builds), and used force-dynamic so Next.js doesn't spend extra time pre-rendering static routes, which would unfairly slow down its numbers. The goal was to measure only bundler and compilation speed, nothing else. Benchmarks run on GitHub CI on every merge to main.

| Framework | Mean | vs Next.js |
| --- | --- | --- |
| Next.js 16.1.6 (Turbopack) | 7.38s | baseline |
| vinext (Vite 7 / Rollup) | 4.64s | 1.6x faster |
| vinext (Vite 8 / Rolldown) | 1.67s | 4.4x faster |

**Client bundle size (gzipped):**

| Framework | Gzipped | vs Next.js |
| --- | --- | --- |
| Next.js 16.1.6 | 168.9 KB | baseline |
| vinext (Rollup) | 74.0 KB | 56% smaller |
| vinext (Rolldown) | 72.9 KB | 57% smaller |

These benchmarks measure compilation and bundling speed, not production serving performance. The test fixture is a single 33-route app, not a representative sample of all production applications. We expect these numbers to evolve as three projects continue to develop. The [full methodology and historical results](https://benchmarks.vinext.workers.dev/) are public. Take them as directional, not definitive.

The direction is encouraging, though. Vite's architecture, and especially [Rolldown](https://rolldown.rs/) (the Rust-based bundler coming in Vite 8), has structural advantages for build performance that show up clearly here.

## Deploying to Cloudflare Workers

vinext is built with Cloudflare Workers as the first deployment target. A single command takes you from source code to a running Worker:\`\`\`vinext deploy\`\`\`This handles everything: builds the application, auto-generates the Worker configuration, and deploys. Both the App Router and Pages Router work on Workers, with full client-side hydration, interactive components, client-side navigation, React state.

For production caching, vinext includes a Cloudflare KV cache handler that gives you ISR (Incremental Static Regeneration) out of the box:\`\`\`import { KVCacheHandler } from "vinext/cloudflare";
import { setCacheHandler } from "next/cache";

setCacheHandler(new KVCacheHandler(env.MY_KV_NAMESPACE));\`\`\`

[KV](https://developers.cloudflare.com/kv/) is a good default for most applications, but the caching layer is designed to be pluggable. That setCacheHandler call means you can swap in whatever backend makes sense. [R2](https://developers.cloudflare.com/r2/) might be a better fit for apps with large cached payloads or different access patterns. We're also working on improvements to our Cache API that should provide a strong caching layer with less configuration. The goal is flexibility: pick the caching strategy that fits your app.

Live examples running right now:
"
`;

exports[`Offline extractor fixture corpus regression > extracts technical docs page with quality gate 1`] = `
"> Source: [OpenRouter Quickstart](https://openrouter.ai/docs/quickstart)
> Captured: <timestamp>
> Hash: <hash>

OpenRouter provides a unified API that gives you access to hundreds of AI models through a single endpoint, while automatically handling fallbacks and selecting the most cost-effective options. Get started with just a few lines of code using your preferred SDK or framework.

\`\`\`Read https://openrouter.ai/skills/create-agent/SKILL.md and follow the instructions to build an agent using OpenRouter.\`\`\`Read https://openrouter.ai/skills/create-agent/SKILL.md and follow the instructions to build an agent using OpenRouter.

In the examples below, the OpenRouter-specific headers are optional. Setting them allows your app to appear on the OpenRouter leaderboards. For detailed information about app attribution, see our [App Attribution guide](/docs/app-attribution).

# Using the OpenRouter SDK (Beta)

First, install the SDK:\`\`\`| $ | npm install @openrouter/sdk |
| --- | --- |\`\`\`| $ | npm install @openrouter/sdk |
| --- | --- |

Then use it in your code:\`\`\`| 1 | import { OpenRouter } from '@openrouter/sdk'; |
| --- | --- |
| 2 |  |
| 3 | const openRouter = new OpenRouter({ |
| 4 | apiKey: '<OPENROUTER_API_KEY>', |
| 5 | defaultHeaders: { |
| 6 | 'HTTP-Referer': '<YOUR_SITE_URL>', // Optional. Site URL for rankings on openrouter.ai. |
| 7 | 'X-OpenRouter-Title': '<YOUR_SITE_NAME>', // Optional. Site title for rankings on openrouter.ai. |
| 8 | }, |
| 9 | }); |
| 10 |  |
| 11 | const completion = await openRouter.chat.send({ |
| 12 | model: 'openai/gpt-5.2', |
| 13 | messages: [ |
| 14 | { |
| 15 | role: 'user', |
| 16 | content: 'What is the meaning of life?', |
| 17 | }, |
| 18 | ], |
| 19 | stream: false, |
| 20 | }); |
| 21 |  |
| 22 | console.log(completion.choices[0].message.content); |\`\`\`| 1 | import { OpenRouter } from '@openrouter/sdk'; |
| --- | --- |
| 2 |  |
| 3 | const openRouter = new OpenRouter({ |
| 4 | apiKey: '<OPENROUTER_API_KEY>', |
| 5 | defaultHeaders: { |
| 6 | 'HTTP-Referer': '<YOUR_SITE_URL>', // Optional. Site URL for rankings on openrouter.ai. |
| 7 | 'X-OpenRouter-Title': '<YOUR_SITE_NAME>', // Optional. Site title for rankings on openrouter.ai. |
| 8 | }, |
| 9 | }); |
| 10 |  |
| 11 | const completion = await openRouter.chat.send({ |
| 12 | model: 'openai/gpt-5.2', |
| 13 | messages: [ |
| 14 | { |
| 15 | role: 'user', |
| 16 | content: 'What is the meaning of life?', |
| 17 | }, |
| 18 | ], |
| 19 | stream: false, |
| 20 | }); |
| 21 |  |
| 22 | console.log(completion.choices[0].message.content); |

## Using the OpenRouter API directly

You can use the interactive [Request Builder](/request-builder) to generate OpenRouter API requests in the language of your choice.\`\`\`| 1 | import requests |
| --- | --- |
| 2 | import json |
| 3 |  |
| 4 | response = requests.post( |
| 5 | url="https://openrouter.ai/api/v1/chat/completions", |
| 6 | headers={ |
| 7 | "Authorization": "Bearer <OPENROUTER_API_KEY>", |
| 8 | "HTTP-Referer": "<YOUR_SITE_URL>", # Optional. Site URL for rankings on openrouter.ai. |
| 9 | "X-OpenRouter-Title": "<YOUR_SITE_NAME>", # Optional. Site title for rankings on openrouter.ai. |
| 10 | }, |
| 11 | data=json.dumps({ |
| 12 | "model": "openai/gpt-5.2", # Optional |
| 13 | "messages": [ |
| 14 | { |
| 15 | "role": "user", |
| 16 | "content": "What is the meaning of life?" |
| 17 | } |
| 18 | ] |
| 19 | }) |
| 20 | ) |\`\`\`| 1 | import requests |
| --- | --- |
| 2 | import json |
| 3 |  |
| 4 | response = requests.post( |
| 5 | url="https://openrouter.ai/api/v1/chat/completions", |
| 6 | headers={ |
| 7 | "Authorization": "Bearer <OPENROUTER_API_KEY>", |
| 8 | "HTTP-Referer": "<YOUR_SITE_URL>", # Optional. Site URL for rankings on openrouter.ai. |
| 9 | "X-OpenRouter-Title": "<YOUR_SITE_NAME>", # Optional. Site title for rankings on openrouter.ai. |
| 10 | }, |
| 11 | data=json.dumps({ |
| 12 | "model": "openai/gpt-5.2", # Optional |
| 13 | "messages": [ |
| 14 | { |
| 15 | "role": "user", |
| 16 | "content": "What is the meaning of life?" |
| 17 | } |
| 18 | ] |
| 19 | }) |
| 20 | ) |

## Using the OpenAI SDK\`\`\`| 1 | import OpenAI from 'openai'; |
| --- | --- |
| 2 |  |
| 3 | const openai = new OpenAI({ |
| 4 | baseURL: 'https://openrouter.ai/api/v1', |
| 5 | apiKey: '<OPENROUTER_API_KEY>', |
| 6 | defaultHeaders: { |
| 7 | 'HTTP-Referer': '<YOUR_SITE_URL>', // Optional. Site URL for rankings on openrouter.ai. |
| 8 | 'X-OpenRouter-Title': '<YOUR_SITE_NAME>', // Optional. Site title for rankings on openrouter.ai. |
| 9 | }, |
| 10 | }); |
| 11 |  |
| 12 | async function main() { |
| 13 | const completion = await openai.chat.completions.create({ |
| 14 | model: 'openai/gpt-5.2', |
| 15 | messages: [ |
| 16 | { |
| 17 | role: 'user', |
| 18 | content: 'What is the meaning of life?', |
| 19 | }, |
| 20 | ], |
| 21 | }); |
| 22 |  |
| 23 | console.log(completion.choices[0].message); |
| 24 | } |
| 25 |  |
| 26 | main(); |\`\`\`

| 1 | import OpenAI from 'openai'; |
| --- | --- |
| 2 |  |
| 3 | const openai = new OpenAI({ |
| 4 | baseURL: 'https://openrouter.ai/api/v1', |
| 5 | apiKey: '<OPENROUTER_API_KEY>', |
| 6 | defaultHeaders: { |
| 7 | 'HTTP-Referer': '<YOUR_SITE_URL>', // Optional. Site URL for rankings on openrouter.ai. |
| 8 | 'X-OpenRouter-Title': '<YOUR_SITE_NAME>', // Optional. Site title for rankings on openrouter.ai. |
| 9 | }, |
| 10 | }); |
| 11 |  |
| 12 | async function main() { |
| 13 | const completion = await openai.chat.completions.create({ |
| 14 | model: 'openai/gpt-5.2', |
| 15 | messages: [ |
| 16 | { |
| 17 | role: 'user', |
| 18 | content: 'What is the meaning of life?', |
| 19 | }, |
| 20 | ], |
| 21 | }); |
| 22 |  |
| 23 | console.log(completion.choices[0].message); |
| 24 | } |
| 25 |  |
| 26 | main(); |

The API also supports [streaming](/docs/api/reference/streaming).

## Using third-party SDKs

For information about using third-party SDKs and frameworks with OpenRouter, please [see our frameworks documentation.](/docs/guides/community/frameworks-and-integrations-overview)
"
`;

exports[`Offline extractor fixture corpus regression > extracts wikipedia-style article with quality gate 1`] = `
"> Source: [Prompt engineering](https://en.wikipedia.org/wiki/Prompt_engineering)
> Captured: <timestamp>
> Hash: <hash>

**Prompt engineering** is the process of structuring [natural language](/wiki/Natural_language "Natural language") [inputs](/wiki/Input/output "Input/output") (known as **prompts**) to produce specified outputs from a [generative artificial intelligence](/wiki/Generative_artificial_intelligence "Generative artificial intelligence") (GenAI) model. **Context engineering** is the related area of [software engineering](/wiki/Software_engineering "Software engineering") that focuses on the management of non-prompt contexts supplied to the GenAI model, such as [metadata](/wiki/Metadata "Metadata"), [API](/wiki/API "API") tools, and tokens.

During the 2020s [AI boom](/wiki/AI_boom "AI boom"), prompt engineering became regarded as an important business capability across corporations and industries. Employees with the title **prompt engineer** were hired to create prompts that would increase productivity and efficacy, although the individual title has since lost traction in light of AI models that produce better prompts than humans and corporate training in prompting for general employees.

Common prompting techniques include multi-shot, chain-of-thought, and tree-of-thought prompting, as well as the use of assigning roles to the model. Automated prompt generation methods, such as [retrieval-augmented generation](/wiki/Retrieval-augmented_generation "Retrieval-augmented generation") (RAG), provide for greater accuracy and a wider scope of functions for prompt engineers. [Prompt injection](/wiki/Prompt_injection "Prompt injection") is a type of [cybersecurity](/wiki/Computer_security "Computer security") attack that targets [machine learning](/wiki/Machine_learning "Machine learning") models through malicious prompts.

# Terminology

The Oxford English Dictionary defines prompt engineering as "The action or process of formulating and refining prompts for an [artificial intelligence](/wiki/Artificial_intelligence "Artificial intelligence") program, algorithm, etc., in order to optimize its output or to achieve a desired outcome; the discipline or profession concerned with this."<sup>[\\[1\\]](#cite_note-1)</sup> In 2023, prompt ("an instruction given to an artificial intelligence program, algorithm, etc., which determines or influences the content it generates") was the runner-up to Oxford's [word of the year](/wiki/Word_of_the_year "Word of the year").<sup>[\\[2\\]](#cite_note-2)</sup>

## Prompt

A prompt is some [natural language](/wiki/Natural_language "Natural language") text that describes and prescribes the task that an artificial intelligence (AI) should perform.<sup>[\\[3\\]](#cite_note-language-models-are-multitask-3)</sup> A prompt for a text-to-text [language model](/wiki/Large_language_model "Large language model") can be a query, a [command](/wiki/Command_%28computing%29 "Command (computing)"), or a longer statement referencing context, [instructions](/wiki/Computer_program "Computer program"), and conversation history. The process of prompt engineering may involve designing clear queries, refining wording, providing relevant context, specifying the style of output, and assigning a character for the AI to mimic in order to guide the model toward more accurate, useful, and consistent responses.<sup>[\\[4\\]](#cite_note-Genkina-4)</sup><sup>[\\[5\\]](#cite_note-auto1-5)</sup>

When communicating with a [text-to-image](/wiki/Text-to-image "Text-to-image") or a text-to-audio model, a typical prompt contains a description of a desired output such as "a high-quality photo of an astronaut riding a horse"<sup>[\\[6\\]](#cite_note-6)</sup> or "Lo-fi slow BPM electro chill with organic samples".<sup>[\\[7\\]](#cite_note-7)</sup> Prompt engineering may be applied to text-to-image models to achieve a desired subject, style, layout, lighting, and aesthetic.<sup>[\\[8\\]](#cite_note-:3-8)</sup>

### Techniques

Common terms used to describe various specific prompt engineering techniques include *chain-of-thought*,<sup>[\\[9\\]](#cite_note-weipaper-9)</sup> *tree-of-thought*,<sup>[\\[10\\]](#cite_note-:5-10)</sup> and [retrieval-augmented generation](/wiki/Retrieval-augmented_generation "Retrieval-augmented generation") (RAG).<sup>[\\[11\\]](#cite_note-:6-11)</sup> A 2024 survey of the field identified over 50 distinct text-based prompting techniques, 40 multimodal variants, and a vocabulary of 33 terms used across prompting research, highlighting a present lack of standardised terminology for prompt engineering.<sup>[\\[12\\]](#cite_note-:4-12)</sup>

[Vibe coding](/wiki/Vibe_coding "Vibe coding") is an [AI-assisted software development](/wiki/AI-assisted_software_development "AI-assisted software development") method where a user prompts an LLM with a description of what they want and lets it generate or edit the code. In 2025, "vibe coding" was the [Collins Dictionary](/wiki/Collins_English_Dictionary "Collins English Dictionary") word of the year.<sup>[\\[13\\]](#cite_note-13)</sup>

### Context engineering

[Context engineering](/w/index.php?title=Context_engineering&action=edit&redlink=1 "Context engineering (page does not exist)") is a related process that focuses on the context elements that accompany user prompts, which include system instructions, retrieved knowledge, tool definitions, conversation summaries, and task metadata. Context engineering is performed to improve reliability, provenance and token efficiency in [production](/wiki/Software_release_life_cycle "Software release life cycle") LLM systems.<sup>[\\[14\\]](#cite_note-14)</sup><sup>[\\[15\\]](#cite_note-15)</sup> The concept emphasises operational practices such as token budgeting, provenance tags, versioning of context artifacts, observability (logging which context was supplied), and context regression tests to ensure that changes to supplied context do not silently alter system behaviour.<sup>[\\[16\\]](#cite_note-16)</sup>

## Rationale

Research has found that the performance of [large language models](/wiki/Large_language_model "Large language model") (LLMs) is highly sensitive to choices such as the ordering of examples, the quality of demonstration labels, and even small variations in phrasing. In some cases, reordering examples in a prompt produced accuracy shifts of more than 40 percent.<sup>[\\[12\\]](#cite_note-:4-12)</sup>
"
`;
